PHPUnit 9.6.34 by Sebastian Bergmann and contributors.

Testing App\Tests\AnnonceEntityTest
.EE.                                                                4 / 4 (100%)

Time: 00:04.010, Memory: 66.00 MB

There were 2 errors:

1) App\Tests\AnnonceEntityTest::testInvalidEmptyTitle
Object of class Symfony\Component\Validator\ConstraintViolationList could not be converted to int

C:\Users\SAYDA\Desktop\sport_insight finale copie\tests\AnnonceEntityTest.php:41
C:\Users\SAYDA\Desktop\sport_insight finale copie\vendor\phpunit\phpunit\phpunit:107

2) App\Tests\AnnonceEntityTest::testInvalidPastDate
Object of class Symfony\Component\Validator\ConstraintViolationList could not be converted to int

C:\Users\SAYDA\Desktop\sport_insight finale copie\tests\AnnonceEntityTest.php:55
C:\Users\SAYDA\Desktop\sport_insight finale copie\vendor\phpunit\phpunit\phpunit:107

ERRORS!
Tests: 4, Assertions: 4, Errors: 2.

Remaining direct deprecation notices (4)

  1x: The "Symfony\Component\Console\Command\Command::$defaultName" property is considered final. You should not override it in "App\Command\ContractExpirationCommand".
    1x in AnnonceEntityTest::setUp from App\Tests

  1x: The "Symfony\Component\Console\Command\Command::$defaultDescription" property is considered final. You should not override it in "App\Command\ContractExpirationCommand".
    1x in AnnonceEntityTest::setUp from App\Tests

  1x: The "Symfony\Component\Console\Command\Command::$defaultName" property is considered final. You should not override it in "App\Command\GeneratePlaceholderImagesCommand".
    1x in AnnonceEntityTest::setUp from App\Tests

  1x: The "Symfony\Component\Console\Command\Command::$defaultDescription" property is considered final. You should not override it in "App\Command\GeneratePlaceholderImagesCommand".
    1x in AnnonceEntityTest::setUp from App\Tests

Remaining indirect deprecation notices (6)

  2x: Since symfony/security-bundle 6.2: The "enable_authenticator_manager" option at "security" is deprecated.
    2x in AnnonceEntityTest::setUp from App\Tests

  1x: Since symfony/console 6.1: Relying on the static property "$defaultName" for setting a command name is deprecated. Add the "Symfony\Component\Console\Attribute\AsCommand" attribute to the "App\Command\ContractExpirationCommand" class instead.
    1x in AnnonceEntityTest::setUp from App\Tests

  1x: Since symfony/console 6.1: Relying on the static property "$defaultDescription" for setting a command description is deprecated. Add the "Symfony\Component\Console\Attribute\AsCommand" attribute to the "App\Command\ContractExpirationCommand" class instead.
    1x in AnnonceEntityTest::setUp from App\Tests

  1x: Since symfony/console 6.1: Relying on the static property "$defaultName" for setting a command name is deprecated. Add the "Symfony\Component\Console\Attribute\AsCommand" attribute to the "App\Command\GeneratePlaceholderImagesCommand" class instead.
    1x in AnnonceEntityTest::setUp from App\Tests

  1x: Since symfony/console 6.1: Relying on the static property "$defaultDescription" for setting a command description is deprecated. Add the "Symfony\Component\Console\Attribute\AsCommand" attribute to the "App\Command\GeneratePlaceholderImagesCommand" class instead.
    1x in AnnonceEntityTest::setUp from App\Tests

